CCS PCH C Compiler, Version 5.099, 54900               18-out-21 10:50

               Filename:   C:\Users\wvair\Dropbox\CEFET\4AATMINT_2021_1\Sistemas De Controle Digitais\Aula_12 18OUT21\Projeto_RPM\RPM_METER.lst

               ROM used:   3652 bytes (11%)
                           Largest free fragment is 29112
               RAM used:   94 (6%) at main() level
                           120 (8%) worst case
               Stack used: 7 locations (5 in main + 2 for interrupts)
               Stack size: 31

*
0000:  GOTO   09AA
*
0008:  MOVWF  04
000A:  MOVFF  FD8,05
000E:  MOVFF  FE0,06
0012:  MOVLB  0
0014:  MOVFF  FE9,0C
0018:  MOVFF  FEA,07
001C:  MOVFF  FE1,08
0020:  MOVFF  FE2,09
0024:  MOVFF  FD9,0A
0028:  MOVFF  FDA,0B
002C:  MOVFF  FF3,12
0030:  MOVFF  FF4,13
0034:  MOVFF  FFA,14
0038:  MOVFF  FF5,15
003C:  MOVFF  FF6,16
0040:  MOVFF  FF7,17
0044:  MOVFF  00,0E
0048:  MOVFF  01,0F
004C:  MOVFF  02,10
0050:  MOVFF  03,11
0054:  BTFSS  F9D.0
0056:  GOTO   0060
005A:  BTFSC  F9E.0
005C:  GOTO   00C6
0060:  BTFSS  FF2.4
0062:  GOTO   006C
0066:  BTFSC  FF2.1
0068:  GOTO   011C
006C:  BTFSS  FF0.4
006E:  GOTO   0078
0072:  BTFSC  FF0.1
0074:  GOTO   0188
0078:  MOVFF  0E,00
007C:  MOVFF  0F,01
0080:  MOVFF  10,02
0084:  MOVFF  11,03
0088:  MOVFF  0C,FE9
008C:  MOVFF  07,FEA
0090:  BSF    07.7
0092:  MOVFF  08,FE1
0096:  MOVFF  09,FE2
009A:  MOVFF  0A,FD9
009E:  MOVFF  0B,FDA
00A2:  MOVFF  12,FF3
00A6:  MOVFF  13,FF4
00AA:  MOVFF  14,FFA
00AE:  MOVFF  15,FF5
00B2:  MOVFF  16,FF6
00B6:  MOVFF  17,FF7
00BA:  MOVF   04,W
00BC:  MOVFF  06,FE0
00C0:  MOVFF  05,FD8
00C4:  RETFIE 0
.................... /////////////////////////////////////////////////////////////////////////
.................... ////                           PROJETO   RPM                         ////
.................... /////////////////////////////////////////////////////////////////////////
.................... 
.................... #include "RPM_METER.h"
.................... #include <18F4520.h>
.................... //////////// Standard Header file for the PIC18F4520 device ////////////////
.................... ///////////////////////////////////////////////////////////////////////////
.................... ////        (C) Copyright 1996, 2020 Custom Computer Services          ////
.................... //// This source code may only be used by licensed users of the CCS C  ////
.................... //// compiler.  This source code may only be distributed to other      ////
.................... //// licensed users of the CCS C compiler.  No other use, reproduction ////
.................... //// or distribution is permitted without written permission.          ////
.................... //// Derivative programs created using this software in object code    ////
.................... //// form are not restricted in any way.                               ////
.................... ///////////////////////////////////////////////////////////////////////////
*
00CC:  BCF    F9E.0
00CE:  GOTO   0078
.................... #device PIC18F4520
*
00C6:  INCF   1A,F
00C8:  BTFSC  FD8.2
00CA:  INCF   1B,F
*
01EE:  DATA 0C,56
01F0:  DATA 65,6C
01F2:  DATA 6F,63
01F4:  DATA 69,64
01F6:  DATA 61,64
01F8:  DATA 65,20
01FA:  DATA 20,20
01FC:  DATA 52,50
01FE:  DATA 4D,0A
0200:  DATA 00,00
0202:  DATA 4F,64
0204:  DATA 6F,6D
0206:  DATA 65,74
0208:  DATA 72,6F
020A:  DATA 20,42
020C:  DATA 61,74
020E:  DATA 65,72
0210:  DATA 69,61
0212:  DATA 00,00
0214:  DATA 25,33
0216:  DATA 2E,30
0218:  DATA 66,6B
021A:  DATA 6D,2F
021C:  DATA 68,20
021E:  DATA 25,35
0220:  DATA 2E,30
0222:  DATA 66,52
0224:  DATA 50,4D
0226:  DATA 0A,00
0228:  DATA 25,38
022A:  DATA 2E,33
022C:  DATA 66,6B
022E:  DATA 6D,20
0230:  DATA 25,33
0232:  DATA 2E,31
0234:  DATA 66,56
0236:  DATA 00,00
*
046E:  TBLRD*+
0470:  MOVF   FF5,F
0472:  BZ    048C
0474:  MOVFF  FF6,56
0478:  MOVFF  FF7,57
047C:  MOVFF  FF5,63
0480:  RCALL  041E
0482:  MOVFF  56,FF6
0486:  MOVFF  57,FF7
048A:  BRA    046E
048C:  RETURN 0
048E:  MOVLW  8E
0490:  MOVWF  00
0492:  MOVFF  57,01
0496:  MOVFF  56,02
049A:  CLRF   03
049C:  MOVF   01,F
049E:  BNZ   04B2
04A0:  MOVFF  02,01
04A4:  CLRF   02
04A6:  MOVLW  08
04A8:  SUBWF  00,F
04AA:  MOVF   01,F
04AC:  BNZ   04B2
04AE:  CLRF   00
04B0:  BRA    04C2
04B2:  BCF    FD8.0
04B4:  BTFSC  01.7
04B6:  BRA    04C0
04B8:  RLCF   02,F
04BA:  RLCF   01,F
04BC:  DECF   00,F
04BE:  BRA    04B2
04C0:  BCF    01.7
04C2:  GOTO   0B04 (RETURN)
04C6:  MOVF   63,W
04C8:  BTFSC  FD8.2
04CA:  BRA    05AE
04CC:  MOVWF  00
04CE:  MOVF   67,W
04D0:  BTFSC  FD8.2
04D2:  BRA    05AE
04D4:  ADDWF  00,F
04D6:  BNC   04E0
04D8:  MOVLW  81
04DA:  ADDWF  00,F
04DC:  BC    05AE
04DE:  BRA    04E8
04E0:  MOVLW  7F
04E2:  SUBWF  00,F
04E4:  BNC   05AE
04E6:  BZ    05AE
04E8:  MOVFF  64,6B
04EC:  MOVF   68,W
04EE:  XORWF  6B,F
04F0:  BSF    64.7
04F2:  BSF    68.7
04F4:  MOVF   66,W
04F6:  MULWF  6A
04F8:  MOVFF  FF4,6D
04FC:  MOVF   65,W
04FE:  MULWF  69
0500:  MOVFF  FF4,03
0504:  MOVFF  FF3,6C
0508:  MULWF  6A
050A:  MOVF   FF3,W
050C:  ADDWF  6D,F
050E:  MOVF   FF4,W
0510:  ADDWFC 6C,F
0512:  MOVLW  00
0514:  ADDWFC 03,F
0516:  MOVF   66,W
0518:  MULWF  69
051A:  MOVF   FF3,W
051C:  ADDWF  6D,F
051E:  MOVF   FF4,W
0520:  ADDWFC 6C,F
0522:  MOVLW  00
0524:  CLRF   02
0526:  ADDWFC 03,F
0528:  ADDWFC 02,F
052A:  MOVF   64,W
052C:  MULWF  6A
052E:  MOVF   FF3,W
0530:  ADDWF  6C,F
0532:  MOVF   FF4,W
0534:  ADDWFC 03,F
0536:  MOVLW  00
0538:  ADDWFC 02,F
053A:  MOVF   64,W
053C:  MULWF  69
053E:  MOVF   FF3,W
0540:  ADDWF  03,F
0542:  MOVF   FF4,W
0544:  ADDWFC 02,F
0546:  MOVLW  00
0548:  CLRF   01
054A:  ADDWFC 01,F
054C:  MOVF   66,W
054E:  MULWF  68
0550:  MOVF   FF3,W
0552:  ADDWF  6C,F
0554:  MOVF   FF4,W
0556:  ADDWFC 03,F
0558:  MOVLW  00
055A:  ADDWFC 02,F
055C:  ADDWFC 01,F
055E:  MOVF   65,W
0560:  MULWF  68
0562:  MOVF   FF3,W
0564:  ADDWF  03,F
0566:  MOVF   FF4,W
0568:  ADDWFC 02,F
056A:  MOVLW  00
056C:  ADDWFC 01,F
056E:  MOVF   64,W
0570:  MULWF  68
0572:  MOVF   FF3,W
0574:  ADDWF  02,F
0576:  MOVF   FF4,W
0578:  ADDWFC 01,F
057A:  INCF   00,F
057C:  BTFSC  01.7
057E:  BRA    058A
0580:  RLCF   6C,F
0582:  RLCF   03,F
0584:  RLCF   02,F
0586:  RLCF   01,F
0588:  DECF   00,F
058A:  MOVLW  00
058C:  BTFSS  6C.7
058E:  BRA    05A4
0590:  INCF   03,F
0592:  ADDWFC 02,F
0594:  ADDWFC 01,F
0596:  MOVF   01,W
0598:  BNZ   05A4
059A:  MOVF   02,W
059C:  BNZ   05A4
059E:  MOVF   03,W
05A0:  BNZ   05A4
05A2:  INCF   00,F
05A4:  BTFSC  6B.7
05A6:  BSF    01.7
05A8:  BTFSS  6B.7
05AA:  BCF    01.7
05AC:  BRA    05B6
05AE:  CLRF   00
05B0:  CLRF   01
05B2:  CLRF   02
05B4:  CLRF   03
05B6:  RETURN 0
05B8:  MOVF   5A,W
05BA:  BTFSC  FD8.2
05BC:  BRA    0708
05BE:  MOVWF  66
05C0:  MOVF   5E,W
05C2:  BTFSC  FD8.2
05C4:  BRA    0708
05C6:  SUBWF  66,F
05C8:  BNC   05D4
05CA:  MOVLW  7F
05CC:  ADDWF  66,F
05CE:  BTFSC  FD8.0
05D0:  BRA    0708
05D2:  BRA    05E0
05D4:  MOVLW  81
05D6:  SUBWF  66,F
05D8:  BTFSS  FD8.0
05DA:  BRA    0708
05DC:  BTFSC  FD8.2
05DE:  BRA    0708
05E0:  MOVFF  66,00
05E4:  CLRF   01
05E6:  CLRF   02
05E8:  CLRF   03
05EA:  CLRF   65
05EC:  MOVFF  5B,64
05F0:  BSF    64.7
05F2:  MOVFF  5C,63
05F6:  MOVFF  5D,62
05FA:  MOVLW  19
05FC:  MOVWF  66
05FE:  MOVF   61,W
0600:  SUBWF  62,F
0602:  BC    061E
0604:  MOVLW  01
0606:  SUBWF  63,F
0608:  BC    061E
060A:  SUBWF  64,F
060C:  BC    061E
060E:  SUBWF  65,F
0610:  BC    061E
0612:  INCF   65,F
0614:  INCF   64,F
0616:  INCF   63,F
0618:  MOVF   61,W
061A:  ADDWF  62,F
061C:  BRA    066E
061E:  MOVF   60,W
0620:  SUBWF  63,F
0622:  BC    0648
0624:  MOVLW  01
0626:  SUBWF  64,F
0628:  BC    0648
062A:  SUBWF  65,F
062C:  BC    0648
062E:  INCF   65,F
0630:  INCF   64,F
0632:  MOVF   60,W
0634:  ADDWF  63,F
0636:  MOVF   61,W
0638:  ADDWF  62,F
063A:  BNC   066E
063C:  INCF   63,F
063E:  BNZ   066E
0640:  INCF   64,F
0642:  BNZ   066E
0644:  INCF   65,F
0646:  BRA    066E
0648:  MOVF   5F,W
064A:  IORLW  80
064C:  SUBWF  64,F
064E:  BC    066C
0650:  MOVLW  01
0652:  SUBWF  65,F
0654:  BC    066C
0656:  INCF   65,F
0658:  MOVF   5F,W
065A:  IORLW  80
065C:  ADDWF  64,F
065E:  MOVF   60,W
0660:  ADDWF  63,F
0662:  BNC   0636
0664:  INCF   64,F
0666:  BNZ   0636
0668:  INCF   65,F
066A:  BRA    0636
066C:  BSF    03.0
066E:  DECFSZ 66,F
0670:  BRA    0674
0672:  BRA    068A
0674:  BCF    FD8.0
0676:  RLCF   62,F
0678:  RLCF   63,F
067A:  RLCF   64,F
067C:  RLCF   65,F
067E:  BCF    FD8.0
0680:  RLCF   03,F
0682:  RLCF   02,F
0684:  RLCF   01,F
0686:  RLCF   67,F
0688:  BRA    05FE
068A:  BTFSS  67.0
068C:  BRA    069A
068E:  BCF    FD8.0
0690:  RRCF   01,F
0692:  RRCF   02,F
0694:  RRCF   03,F
0696:  RRCF   67,F
0698:  BRA    069E
069A:  DECF   00,F
069C:  BZ    0708
069E:  BTFSC  67.7
06A0:  BRA    06DE
06A2:  BCF    FD8.0
06A4:  RLCF   62,F
06A6:  RLCF   63,F
06A8:  RLCF   64,F
06AA:  RLCF   65,F
06AC:  MOVF   61,W
06AE:  SUBWF  62,F
06B0:  BC    06C0
06B2:  MOVLW  01
06B4:  SUBWF  63,F
06B6:  BC    06C0
06B8:  SUBWF  64,F
06BA:  BC    06C0
06BC:  SUBWF  65,F
06BE:  BNC   06F4
06C0:  MOVF   60,W
06C2:  SUBWF  63,F
06C4:  BC    06D0
06C6:  MOVLW  01
06C8:  SUBWF  64,F
06CA:  BC    06D0
06CC:  SUBWF  65,F
06CE:  BNC   06F4
06D0:  MOVF   5F,W
06D2:  IORLW  80
06D4:  SUBWF  64,F
06D6:  BC    06DE
06D8:  MOVLW  01
06DA:  SUBWF  65,F
06DC:  BNC   06F4
06DE:  INCF   03,F
06E0:  BNZ   06F4
06E2:  INCF   02,F
06E4:  BNZ   06F4
06E6:  INCF   01,F
06E8:  BNZ   06F4
06EA:  INCF   00,F
06EC:  BZ    0708
06EE:  RRCF   01,F
06F0:  RRCF   02,F
06F2:  RRCF   03,F
06F4:  MOVFF  5B,66
06F8:  MOVF   5F,W
06FA:  XORWF  66,F
06FC:  BTFSS  66.7
06FE:  BRA    0704
0700:  BSF    01.7
0702:  BRA    0710
0704:  BCF    01.7
0706:  BRA    0710
0708:  CLRF   00
070A:  CLRF   01
070C:  CLRF   02
070E:  CLRF   03
0710:  RETURN 0
0712:  BTFSC  FD8.1
0714:  BRA    071C
0716:  CLRF   FEA
0718:  MOVLW  6B
071A:  MOVWF  FE9
071C:  CLRF   00
071E:  CLRF   01
0720:  CLRF   02
0722:  CLRF   03
0724:  CLRF   6B
0726:  CLRF   6C
0728:  CLRF   6D
072A:  CLRF   6E
072C:  MOVF   6A,W
072E:  IORWF  69,W
0730:  IORWF  68,W
0732:  IORWF  67,W
0734:  BZ    078E
0736:  MOVLW  20
0738:  MOVWF  6F
073A:  BCF    FD8.0
073C:  RLCF   63,F
073E:  RLCF   64,F
0740:  RLCF   65,F
0742:  RLCF   66,F
0744:  RLCF   6B,F
0746:  RLCF   6C,F
0748:  RLCF   6D,F
074A:  RLCF   6E,F
074C:  MOVF   6A,W
074E:  SUBWF  6E,W
0750:  BNZ   0762
0752:  MOVF   69,W
0754:  SUBWF  6D,W
0756:  BNZ   0762
0758:  MOVF   68,W
075A:  SUBWF  6C,W
075C:  BNZ   0762
075E:  MOVF   67,W
0760:  SUBWF  6B,W
0762:  BNC   0782
0764:  MOVF   67,W
0766:  SUBWF  6B,F
0768:  MOVF   68,W
076A:  BTFSS  FD8.0
076C:  INCFSZ 68,W
076E:  SUBWF  6C,F
0770:  MOVF   69,W
0772:  BTFSS  FD8.0
0774:  INCFSZ 69,W
0776:  SUBWF  6D,F
0778:  MOVF   6A,W
077A:  BTFSS  FD8.0
077C:  INCFSZ 6A,W
077E:  SUBWF  6E,F
0780:  BSF    FD8.0
0782:  RLCF   00,F
0784:  RLCF   01,F
0786:  RLCF   02,F
0788:  RLCF   03,F
078A:  DECFSZ 6F,F
078C:  BRA    073A
078E:  MOVFF  6B,FEF
0792:  MOVFF  6C,FEC
0796:  MOVFF  6D,FEC
079A:  MOVFF  6E,FEC
079E:  RETURN 0
07A0:  MOVLW  B6
07A2:  MOVWF  00
07A4:  CLRF   03
07A6:  CLRF   02
07A8:  CLRF   01
07AA:  MOVF   56,W
07AC:  IORWF  57,W
07AE:  IORWF  58,W
07B0:  IORWF  59,W
07B2:  BNZ   07B8
07B4:  CLRF   00
07B6:  BRA    07D2
07B8:  BCF    FD8.0
07BA:  BTFSC  01.7
07BC:  BRA    07D0
07BE:  RLCF   56,F
07C0:  RLCF   57,F
07C2:  RLCF   58,F
07C4:  RLCF   59,F
07C6:  RLCF   03,F
07C8:  RLCF   02,F
07CA:  RLCF   01,F
07CC:  DECFSZ 00,F
07CE:  BRA    07B8
07D0:  BCF    01.7
07D2:  RETURN 0
07D4:  MOVF   63,W
07D6:  SUBLW  B6
07D8:  MOVWF  63
07DA:  CLRF   03
07DC:  MOVFF  64,67
07E0:  BSF    64.7
07E2:  BCF    FD8.0
07E4:  RRCF   64,F
07E6:  RRCF   65,F
07E8:  RRCF   66,F
07EA:  RRCF   03,F
07EC:  RRCF   02,F
07EE:  RRCF   01,F
07F0:  RRCF   00,F
07F2:  DECFSZ 63,F
07F4:  BRA    07E2
07F6:  BTFSS  67.7
07F8:  BRA    0810
07FA:  COMF   00,F
07FC:  COMF   01,F
07FE:  COMF   02,F
0800:  COMF   03,F
0802:  INCF   00,F
0804:  BTFSC  FD8.2
0806:  INCF   01,F
0808:  BTFSC  FD8.2
080A:  INCF   02,F
080C:  BTFSC  FD8.2
080E:  INCF   03,F
0810:  GOTO   0862 (RETURN)
0814:  MOVF   FE9,W
0816:  MOVWF  5B
0818:  MOVF   5A,W
081A:  MOVWF  5D
081C:  BZ    0850
081E:  MOVFF  59,66
0822:  MOVFF  58,65
0826:  MOVFF  57,64
082A:  MOVFF  56,63
082E:  CLRF   6A
0830:  CLRF   69
0832:  MOVLW  20
0834:  MOVWF  68
0836:  MOVLW  82
0838:  MOVWF  67
083A:  RCALL  04C6
083C:  MOVFF  03,59
0840:  MOVFF  02,58
0844:  MOVFF  01,57
0848:  MOVFF  00,56
084C:  DECFSZ 5D,F
084E:  BRA    081E
0850:  MOVFF  59,66
0854:  MOVFF  58,65
0858:  MOVFF  57,64
085C:  MOVFF  56,63
0860:  BRA    07D4
0862:  MOVFF  03,59
0866:  MOVFF  02,58
086A:  MOVFF  01,57
086E:  MOVFF  00,56
0872:  BTFSS  59.7
0874:  BRA    0890
0876:  DECF   5B,F
0878:  BSF    5B.5
087A:  COMF   56,F
087C:  COMF   57,F
087E:  COMF   58,F
0880:  COMF   59,F
0882:  INCF   56,F
0884:  BTFSC  FD8.2
0886:  INCF   57,F
0888:  BTFSC  FD8.2
088A:  INCF   58,F
088C:  BTFSC  FD8.2
088E:  INCF   59,F
0890:  MOVLW  3B
0892:  MOVWF  62
0894:  MOVLW  9A
0896:  MOVWF  61
0898:  MOVLW  CA
089A:  MOVWF  60
089C:  CLRF   5F
089E:  MOVLW  0A
08A0:  MOVWF  5D
08A2:  MOVF   5A,W
08A4:  BTFSC  FD8.2
08A6:  INCF   5B,F
08A8:  BSF    FD8.1
08AA:  CLRF   FEA
08AC:  MOVLW  56
08AE:  MOVWF  FE9
08B0:  MOVFF  59,66
08B4:  MOVFF  58,65
08B8:  MOVFF  57,64
08BC:  MOVFF  56,63
08C0:  MOVFF  62,6A
08C4:  MOVFF  61,69
08C8:  MOVFF  60,68
08CC:  MOVFF  5F,67
08D0:  RCALL  0712
08D2:  MOVF   01,W
08D4:  MOVF   00,F
08D6:  BNZ   08F6
08D8:  INCF   5A,W
08DA:  SUBWF  5D,W
08DC:  BZ    08F6
08DE:  MOVF   5B,W
08E0:  BZ    08FA
08E2:  ANDLW  0F
08E4:  SUBWF  5D,W
08E6:  BZ    08EA
08E8:  BC    0958
08EA:  BTFSC  5B.7
08EC:  BRA    0958
08EE:  BTFSC  5B.6
08F0:  BRA    08FA
08F2:  MOVLW  20
08F4:  BRA    0950
08F6:  MOVLW  20
08F8:  ANDWF  5B,F
08FA:  BTFSS  5B.5
08FC:  BRA    0916
08FE:  BCF    5B.5
0900:  MOVF   5A,W
0902:  BTFSS  FD8.2
0904:  DECF   5B,F
0906:  MOVF   00,W
0908:  MOVWF  5B
090A:  MOVLW  2D
090C:  MOVWF  63
090E:  RCALL  041E
0910:  MOVF   5B,W
0912:  MOVWF  00
0914:  CLRF   5B
0916:  MOVF   5A,W
0918:  SUBWF  5D,W
091A:  BNZ   0930
091C:  MOVF   00,W
091E:  MOVWF  5B
0920:  MOVLW  2E
0922:  MOVWF  63
0924:  RCALL  041E
0926:  MOVF   5B,W
0928:  MOVWF  00
092A:  MOVLW  20
092C:  ANDWF  5B,F
092E:  MOVLW  00
0930:  MOVLW  30
0932:  BTFSS  5B.5
0934:  BRA    0950
0936:  BCF    5B.5
0938:  MOVF   5A,W
093A:  BTFSS  FD8.2
093C:  DECF   5B,F
093E:  MOVF   00,W
0940:  MOVWF  5B
0942:  MOVLW  2D
0944:  MOVWF  63
0946:  RCALL  041E
0948:  MOVF   5B,W
094A:  MOVWF  00
094C:  CLRF   5B
094E:  MOVLW  30
0950:  ADDWF  00,F
0952:  MOVFF  00,63
0956:  RCALL  041E
0958:  BCF    FD8.1
095A:  MOVFF  62,66
095E:  MOVFF  61,65
0962:  MOVFF  60,64
0966:  MOVFF  5F,63
096A:  CLRF   6A
096C:  CLRF   69
096E:  CLRF   68
0970:  MOVLW  0A
0972:  MOVWF  67
0974:  RCALL  0712
0976:  MOVFF  03,62
097A:  MOVFF  02,61
097E:  MOVFF  01,60
0982:  MOVFF  00,5F
0986:  DECFSZ 5D,F
0988:  BRA    08A8
098A:  RETURN 0
098C:  TBLRD*+
098E:  MOVFF  FF6,57
0992:  MOVFF  FF7,58
0996:  MOVFF  FF5,63
099A:  RCALL  041E
099C:  MOVFF  57,FF6
09A0:  MOVFF  58,FF7
09A4:  DECFSZ 56,F
09A6:  BRA    098C
09A8:  RETURN 0
.................... 
.................... #list
.................... 
.................... #device adc=10
.................... 
.................... 
.................... #FUSES INTRC_IO                 //Internal RC Osc, no CLKOUT
.................... #FUSES MCLR										// reset ativo
.................... 
.................... #use delay(int=4000000)
*
0238:  CLRF   FEA
023A:  MOVLW  64
023C:  MOVWF  FE9
023E:  MOVF   FEF,W
0240:  BZ    025E
0242:  MOVLW  01
0244:  MOVWF  01
0246:  CLRF   00
0248:  DECFSZ 00,F
024A:  BRA    0248
024C:  DECFSZ 01,F
024E:  BRA    0246
0250:  MOVLW  4A
0252:  MOVWF  00
0254:  DECFSZ 00,F
0256:  BRA    0254
0258:  BRA    025A
025A:  DECFSZ FEF,F
025C:  BRA    0242
025E:  RETURN 0
.................... 
.................... // acesso aos pinos:
.................... #define LCD_ENABLE_PIN  PIN_E1
.................... #define LCD_RS_PIN      PIN_E0
.................... #define LCD_RW_PIN      PIN_E2
.................... #define LCD_DATA4       PIN_D4
.................... #define LCD_DATA5       PIN_D5
.................... #define LCD_DATA6       PIN_D6
.................... #define LCD_DATA7       PIN_D7 
.................... 
.................... 
.................... #USE TIMER(TIMER=1,TICK=1us,BITS=32,ISR)
*
00D2:  MOVFF  1A,01
00D6:  MOVF   FCE,W
00D8:  MOVFF  FCF,03
00DC:  BCF    F9D.0
00DE:  MOVWF  02
00E0:  MOVF   1A,W
00E2:  SUBWF  01,W
00E4:  BZ    00EE
00E6:  MOVF   FCE,W
00E8:  MOVFF  FCF,03
00EC:  BRA    00F0
00EE:  MOVF   02,W
00F0:  MOVWF  00
00F2:  MOVFF  03,01
00F6:  MOVFF  1A,02
00FA:  MOVFF  1B,03
00FE:  BSF    F9D.0
0100:  RETURN 0
.................... 
.................... //#rom getenv("EEPROM_ADDRESS")={0,0,0,0};// escreve nos 4 primeiros endereços da EEPROM
.................... // o PIC18F4520 tem 256 bytes de EEPROM
.................... // equivale à linha de baixo
.................... //#rom 0xf00000={0,0,0,0,0} 
.................... 
.................... 
.................... 
.................... 
.................... 
.................... #include <lcd.c>
.................... ///////////////////////////////////////////////////////////////////////////////
.................... ////                             LCD.C                                     ////
.................... ////                 Driver for common LCD modules                         ////
.................... ////                                                                       ////
.................... ////  lcd_init()   Must be called before any other function.               ////
.................... ////                                                                       ////
.................... ////  lcd_putc(c)  Will display c on the next position of the LCD.         ////
.................... ////                 \a  Set cursor position to upper left                 ////
.................... ////                 \f  Clear display, set cursor to upper left           ////
.................... ////                 \n  Go to start of second line                        ////
.................... ////                 \b  Move back one position                            ////
.................... ////              If LCD_EXTENDED_NEWLINE is defined, the \n character     ////
.................... ////              will erase all remanining characters on the current      ////
.................... ////              line, and move the cursor to the beginning of the next   ////
.................... ////              line.                                                    ////
.................... ////              If LCD_EXTENDED_NEWLINE is defined, the \r character     ////
.................... ////              will move the cursor to the start of the current         ////
.................... ////              line.                                                    ////
.................... ////                                                                       ////
.................... ////  lcd_gotoxy(x,y) Set write position on LCD (upper left is 1,1)        ////
.................... ////                                                                       ////
.................... ////  lcd_getc(x,y)   Returns character at position x,y on LCD             ////
.................... ////                                                                       ////
.................... ////  lcd_cursor_on(int1 on)   Turn the cursor on (on=TRUE) or off         ////
.................... ////              (on=FALSE).                                              ////
.................... ////                                                                       ////
.................... ////  lcd_set_cgram_char(w, *p)   Write a custom character to the CGRAM.   ////
.................... ////                                                                       ////
.................... ////                                                                       ////
.................... ////  CONFIGURATION                                                        ////
.................... ////  The LCD can be configured in one of two ways: a.) port access or     ////
.................... ////  b.) pin access.  Port access requires the entire 7 bit interface     ////
.................... ////  connected to one GPIO port, and the data bits (D4:D7 of the LCD)     ////
.................... ////  connected to sequential pins on the GPIO.  Pin access                ////
.................... ////  has no requirements, all 7 bits of the control interface can         ////
.................... ////  can be connected to any GPIO using several ports.                    ////
.................... ////                                                                       ////
.................... ////  To use port access, #define LCD_DATA_PORT to the SFR location of     ////
.................... ////  of the GPIO port that holds the interface, -AND- edit LCD_PIN_MAP    ////
.................... ////  of this file to configure the pin order.  If you are using a         ////
.................... ////  baseline PIC (PCB), then LCD_OUTPUT_MAP and LCD_INPUT_MAP also must  ////
.................... ////  be defined.                                                          ////
.................... ////                                                                       ////
.................... ////  Example of port access:                                              ////
.................... ////     #define LCD_DATA_PORT getenv("SFR:PORTD")                         ////
.................... ////                                                                       ////
.................... ////  To use pin access, the following pins must be defined:               ////
.................... ////     LCD_ENABLE_PIN                                                    ////
.................... ////     LCD_RS_PIN                                                        ////
.................... ////     LCD_RW_PIN                                                        ////
.................... ////     LCD_DATA4                                                         ////
.................... ////     LCD_DATA5                                                         ////
.................... ////     LCD_DATA6                                                         ////
.................... ////     LCD_DATA7                                                         ////
.................... ////                                                                       ////
.................... ////  Example of pin access:                                               ////
.................... ////     #define LCD_ENABLE_PIN  PIN_E0                                    ////
.................... ////     #define LCD_RS_PIN      PIN_E1                                    ////
.................... ////     #define LCD_RW_PIN      PIN_E2                                    ////
.................... ////     #define LCD_DATA4       PIN_D4                                    ////
.................... ////     #define LCD_DATA5       PIN_D5                                    ////
.................... ////     #define LCD_DATA6       PIN_D6                                    ////
.................... ////     #define LCD_DATA7       PIN_D7                                    ////
.................... ////                                                                       ////
.................... ///////////////////////////////////////////////////////////////////////////////
.................... ////        (C) Copyright 1996,2010 Custom Computer Services           ////
.................... //// This source code may only be used by licensed users of the CCS C  ////
.................... //// compiler.  This source code may only be distributed to other      ////
.................... //// licensed users of the CCS C compiler.  No other use, reproduction ////
.................... //// or distribution is permitted without written permission.          ////
.................... //// Derivative programs created using this software in object code    ////
.................... //// form are not restricted in any way.                               ////
.................... ///////////////////////////////////////////////////////////////////////////
.................... 
.................... #ifndef __LCD_C__
.................... #define __LCD_C__
.................... 
.................... // define the pinout.
.................... // only required if port access is being used.
.................... typedef struct  
.................... {                            // This structure is overlayed
....................    int1 enable;           // on to an I/O port to gain
....................    int1 rs;               // access to the LCD pins.
....................    int1 rw;               // The bits are allocated from
....................    int1 unused;           // low order up.  ENABLE will
....................    unsigned int     data : 4;         // be LSB pin of that port.
....................   #if defined(__PCD__)       // The port used will be LCD_DATA_PORT.
....................    unsigned int    reserved: 8;
....................   #endif
.................... } LCD_PIN_MAP;
.................... 
.................... // this is to improve compatability with previous LCD drivers that accepted
.................... // a define labeled 'use_portb_lcd' that configured the LCD onto port B.
.................... #if ((defined(use_portb_lcd)) && (use_portb_lcd==TRUE))
....................  #define LCD_DATA_PORT getenv("SFR:PORTB")
.................... #endif
.................... 
.................... #if defined(__PCB__)
....................    // these definitions only need to be modified for baseline PICs.
....................    // all other PICs use LCD_PIN_MAP or individual LCD_xxx pin definitions.
.................... /*                                    EN, RS,   RW,   UNUSED,  DATA  */
....................  const LCD_PIN_MAP LCD_OUTPUT_MAP =  {0,  0,    0,    0,       0};
....................  const LCD_PIN_MAP LCD_INPUT_MAP =   {0,  0,    0,    0,       0xF};
.................... #endif
.................... 
.................... ////////////////////// END CONFIGURATION ///////////////////////////////////
.................... 
.................... #ifndef LCD_ENABLE_PIN
....................    #define lcd_output_enable(x) lcdlat.enable=x
....................    #define lcd_enable_tris()   lcdtris.enable=0
.................... #else
....................    #define lcd_output_enable(x) output_bit(LCD_ENABLE_PIN, x)
....................    #define lcd_enable_tris()  output_drive(LCD_ENABLE_PIN)
.................... #endif
.................... 
.................... #ifndef LCD_RS_PIN
....................    #define lcd_output_rs(x) lcdlat.rs=x
....................    #define lcd_rs_tris()   lcdtris.rs=0
.................... #else
....................    #define lcd_output_rs(x) output_bit(LCD_RS_PIN, x)
....................    #define lcd_rs_tris()  output_drive(LCD_RS_PIN)
.................... #endif
.................... 
.................... #ifndef LCD_RW_PIN
....................    #define lcd_output_rw(x) lcdlat.rw=x
....................    #define lcd_rw_tris()   lcdtris.rw=0
.................... #else
....................    #define lcd_output_rw(x) output_bit(LCD_RW_PIN, x)
....................    #define lcd_rw_tris()  output_drive(LCD_RW_PIN)
.................... #endif
.................... 
.................... // original version of this library incorrectly labeled LCD_DATA0 as LCD_DATA4,
.................... // LCD_DATA1 as LCD_DATA5, and so on.  this block of code makes the driver
.................... // compatible with any code written for the original library
.................... #if (defined(LCD_DATA0) && defined(LCD_DATA1) && defined(LCD_DATA2) && defined(LCD_DATA3) && !defined(LCD_DATA4) && !defined(LCD_DATA5) && !defined(LCD_DATA6) && !defined(LCD_DATA7))
....................    #define  LCD_DATA4    LCD_DATA0
....................    #define  LCD_DATA5    LCD_DATA1
....................    #define  LCD_DATA6    LCD_DATA2
....................    #define  LCD_DATA7    LCD_DATA3
.................... #endif
.................... 
.................... #ifndef LCD_DATA4
.................... #ifndef LCD_DATA_PORT
....................    #if defined(__PCB__)
....................       #define LCD_DATA_PORT      0x06     //portb
....................       #define set_tris_lcd(x)   set_tris_b(x)
....................    #else
....................      #if defined(PIN_D0)
....................       #define LCD_DATA_PORT      getenv("SFR:PORTD")     //portd
....................      #else
....................       #define LCD_DATA_PORT      getenv("SFR:PORTB")     //portb
....................      #endif
....................    #endif   
.................... #endif
.................... 
.................... #if defined(__PCB__)
....................    LCD_PIN_MAP lcd, lcdlat;
....................    #byte lcd = LCD_DATA_PORT
....................    #byte lcdlat = LCD_DATA_PORT
.................... #elif defined(__PCM__)
....................    LCD_PIN_MAP lcd, lcdlat, lcdtris;
....................    #byte lcd = LCD_DATA_PORT
....................    #byte lcdlat = LCD_DATA_PORT
....................    #byte lcdtris = LCD_DATA_PORT+0x80
.................... #elif defined(__PCH__)
....................    LCD_PIN_MAP lcd, lcdlat, lcdtris;
....................    #byte lcd = LCD_DATA_PORT
....................    #byte lcdlat = LCD_DATA_PORT+9
....................    #byte lcdtris = LCD_DATA_PORT+0x12
.................... #elif defined(__PCD__)
....................    LCD_PIN_MAP lcd, lcdlat, lcdtris;
....................    #word lcd = LCD_DATA_PORT
....................    #word lcdlat = LCD_DATA_PORT+2
....................    #word lcdtris = LCD_DATA_PORT-0x02
.................... #endif
.................... #endif   //LCD_DATA4 not defined
.................... 
.................... #ifndef LCD_TYPE
....................    #define LCD_TYPE 2           // 0=5x7, 1=5x10, 2=2 lines
.................... #endif
.................... 
.................... #ifndef LCD_LINE_TWO
....................    #define LCD_LINE_TWO 0x40    // LCD RAM address for the second line
.................... #endif
.................... 
.................... #ifndef LCD_LINE_LENGTH
....................    #define LCD_LINE_LENGTH 20
.................... #endif
.................... 
.................... unsigned int8 lcd_read_nibble(void);
.................... 
.................... unsigned int8 lcd_read_byte(void)
.................... {
....................    unsigned int8 low,high;
.................... 
....................  #if defined(__PCB__)
....................    set_tris_lcd(LCD_INPUT_MAP);
....................  #else
....................   #if (defined(LCD_DATA4) && defined(LCD_DATA5) && defined(LCD_DATA6) && defined(LCD_DATA7))
....................    output_float(LCD_DATA4);
*
02F0:  BSF    F95.4
....................    output_float(LCD_DATA5);
02F2:  BSF    F95.5
....................    output_float(LCD_DATA6);
02F4:  BSF    F95.6
....................    output_float(LCD_DATA7);
02F6:  BSF    F95.7
....................   #else
....................    lcdtris.data = 0xF;
....................   #endif
....................  #endif
....................         
....................    lcd_output_rw(1);
02F8:  BSF    F8D.2
02FA:  BCF    F96.2
....................    delay_cycles(1);
02FC:  NOP   
....................    lcd_output_enable(1);
02FE:  BSF    F8D.1
0300:  BCF    F96.1
....................    delay_cycles(1);
0302:  NOP   
....................    high = lcd_read_nibble();
0304:  RCALL  029E
0306:  MOVFF  01,6B
....................       
....................    lcd_output_enable(0);
030A:  BCF    F8D.1
030C:  BCF    F96.1
....................    delay_cycles(1);
030E:  NOP   
....................    lcd_output_enable(1);
0310:  BSF    F8D.1
0312:  BCF    F96.1
....................    delay_us(1);
0314:  NOP   
....................    low = lcd_read_nibble();
0316:  RCALL  029E
0318:  MOVFF  01,6A
....................       
....................    lcd_output_enable(0);
031C:  BCF    F8D.1
031E:  BCF    F96.1
.................... 
....................  #if defined(__PCB__)
....................    set_tris_lcd(LCD_OUTPUT_MAP);
....................  #else
....................   #if (defined(LCD_DATA4) && defined(LCD_DATA5) && defined(LCD_DATA6) && defined(LCD_DATA7))
....................    output_drive(LCD_DATA4);
0320:  BCF    F95.4
....................    output_drive(LCD_DATA5);
0322:  BCF    F95.5
....................    output_drive(LCD_DATA6);
0324:  BCF    F95.6
....................    output_drive(LCD_DATA7);
0326:  BCF    F95.7
....................   #else
....................    lcdtris.data = 0x0;
....................   #endif
....................  #endif
.................... 
....................    return( (high<<4) | low);
0328:  SWAPF  6B,W
032A:  MOVWF  00
032C:  MOVLW  F0
032E:  ANDWF  00,F
0330:  MOVF   00,W
0332:  IORWF  6A,W
0334:  MOVWF  01
0336:  GOTO   0346 (RETURN)
.................... }
.................... 
.................... unsigned int8 lcd_read_nibble(void)
.................... {
....................   #if (defined(LCD_DATA4) && defined(LCD_DATA5) && defined(LCD_DATA6) && defined(LCD_DATA7))
*
029E:  CLRF   6C
....................    unsigned int8 n = 0x00;
.................... 
....................    /* Read the data port */
....................    n |= input(LCD_DATA4);
02A0:  BSF    F95.4
02A2:  MOVLW  00
02A4:  BTFSC  F83.4
02A6:  MOVLW  01
02A8:  IORWF  6C,F
....................    n |= input(LCD_DATA5) << 1;
02AA:  BSF    F95.5
02AC:  MOVLW  00
02AE:  BTFSC  F83.5
02B0:  MOVLW  01
02B2:  MOVWF  00
02B4:  BCF    FD8.0
02B6:  RLCF   00,F
02B8:  MOVF   00,W
02BA:  IORWF  6C,F
....................    n |= input(LCD_DATA6) << 2;
02BC:  BSF    F95.6
02BE:  MOVLW  00
02C0:  BTFSC  F83.6
02C2:  MOVLW  01
02C4:  MOVWF  00
02C6:  RLCF   00,F
02C8:  RLCF   00,F
02CA:  MOVLW  FC
02CC:  ANDWF  00,F
02CE:  MOVF   00,W
02D0:  IORWF  6C,F
....................    n |= input(LCD_DATA7) << 3;
02D2:  BSF    F95.7
02D4:  MOVLW  00
02D6:  BTFSC  F83.7
02D8:  MOVLW  01
02DA:  MOVWF  00
02DC:  RLCF   00,F
02DE:  RLCF   00,F
02E0:  RLCF   00,F
02E2:  MOVLW  F8
02E4:  ANDWF  00,F
02E6:  MOVF   00,W
02E8:  IORWF  6C,F
....................    
....................    return(n);
02EA:  MOVFF  6C,01
....................   #else
02EE:  RETURN 0
....................    return(lcd.data);
....................   #endif
.................... }
.................... 
.................... void lcd_send_nibble(unsigned int8 n)
.................... {
....................   #if (defined(LCD_DATA4) && defined(LCD_DATA5) && defined(LCD_DATA6) && defined(LCD_DATA7))
....................    /* Write to the data port */
....................    output_bit(LCD_DATA4, bit_test(n, 0));
*
0260:  BTFSC  6B.0
0262:  BRA    0268
0264:  BCF    F8C.4
0266:  BRA    026A
0268:  BSF    F8C.4
026A:  BCF    F95.4
....................    output_bit(LCD_DATA5, bit_test(n, 1));
026C:  BTFSC  6B.1
026E:  BRA    0274
0270:  BCF    F8C.5
0272:  BRA    0276
0274:  BSF    F8C.5
0276:  BCF    F95.5
....................    output_bit(LCD_DATA6, bit_test(n, 2));
0278:  BTFSC  6B.2
027A:  BRA    0280
027C:  BCF    F8C.6
027E:  BRA    0282
0280:  BSF    F8C.6
0282:  BCF    F95.6
....................    output_bit(LCD_DATA7, bit_test(n, 3));
0284:  BTFSC  6B.3
0286:  BRA    028C
0288:  BCF    F8C.7
028A:  BRA    028E
028C:  BSF    F8C.7
028E:  BCF    F95.7
....................   #else      
....................    lcdlat.data = n;
....................   #endif
....................       
....................    delay_cycles(1);
0290:  NOP   
....................    lcd_output_enable(1);
0292:  BSF    F8D.1
0294:  BCF    F96.1
....................    delay_us(2);
0296:  BRA    0298
....................    lcd_output_enable(0);
0298:  BCF    F8D.1
029A:  BCF    F96.1
029C:  RETURN 0
.................... }
.................... 
.................... void lcd_send_byte(unsigned int8 address, unsigned int8 n)
.................... {
....................   #if defined(__PCB__)
....................    set_tris_lcd(LCD_OUTPUT_MAP);
....................   #else
....................    lcd_enable_tris();
*
033A:  BCF    F96.1
....................    lcd_rs_tris();
033C:  BCF    F96.0
....................    lcd_rw_tris();
033E:  BCF    F96.2
....................   #endif
.................... 
....................    lcd_output_rs(0);
0340:  BCF    F8D.0
0342:  BCF    F96.0
....................    while ( bit_test(lcd_read_byte(),7) ) ;
0344:  BRA    02F0
0346:  MOVFF  01,6A
034A:  BTFSC  01.7
034C:  BRA    0344
....................    lcd_output_rs(address);
034E:  MOVF   68,F
0350:  BNZ   0356
0352:  BCF    F8D.0
0354:  BRA    0358
0356:  BSF    F8D.0
0358:  BCF    F96.0
....................    delay_cycles(1);
035A:  NOP   
....................    lcd_output_rw(0);
035C:  BCF    F8D.2
035E:  BCF    F96.2
....................    delay_cycles(1);
0360:  NOP   
....................    lcd_output_enable(0);
0362:  BCF    F8D.1
0364:  BCF    F96.1
....................    lcd_send_nibble(n >> 4);
0366:  SWAPF  69,W
0368:  MOVWF  6A
036A:  MOVLW  0F
036C:  ANDWF  6A,F
036E:  MOVFF  6A,6B
0372:  RCALL  0260
....................    lcd_send_nibble(n & 0xf);
0374:  MOVF   69,W
0376:  ANDLW  0F
0378:  MOVWF  6A
037A:  MOVWF  6B
037C:  RCALL  0260
037E:  RETURN 0
.................... }
.................... 
.................... #if defined(LCD_EXTENDED_NEWLINE)
.................... unsigned int8 g_LcdX, g_LcdY;
.................... #endif
.................... 
.................... void lcd_init(void) 
.................... {
....................    unsigned int8 i;
....................    unsigned int8 LCD_INIT_STRING[4] = {0x20 | (LCD_TYPE << 2), 0xc, 1, 6};
0380:  MOVLW  28
0382:  MOVWF  57
0384:  MOVLW  0C
0386:  MOVWF  58
0388:  MOVLW  01
038A:  MOVWF  59
038C:  MOVLW  06
038E:  MOVWF  5A
....................                              // These bytes need to be sent to the LCD
....................                              // to start it up.
....................    
.................... 
....................    lcd_output_enable(0);
0390:  BCF    F8D.1
0392:  BCF    F96.1
....................    lcd_output_rs(0);
0394:  BCF    F8D.0
0396:  BCF    F96.0
....................    lcd_output_rw(0);
0398:  BCF    F8D.2
039A:  BCF    F96.2
.................... 
....................  #if defined(__PCB__)
....................    set_tris_lcd(LCD_OUTPUT_MAP);
....................  #else
....................   #if (defined(LCD_DATA4) && defined(LCD_DATA5) && defined(LCD_DATA6) && defined(LCD_DATA7))
....................    output_drive(LCD_DATA4);
039C:  BCF    F95.4
....................    output_drive(LCD_DATA5);
039E:  BCF    F95.5
....................    output_drive(LCD_DATA6);
03A0:  BCF    F95.6
....................    output_drive(LCD_DATA7);
03A2:  BCF    F95.7
....................   #else
....................    lcdtris.data = 0x0;
....................   #endif
....................    lcd_enable_tris();
03A4:  BCF    F96.1
....................    lcd_rs_tris();
03A6:  BCF    F96.0
....................    lcd_rw_tris();
03A8:  BCF    F96.2
....................  #endif
....................     
....................    delay_ms(15);
03AA:  MOVLW  0F
03AC:  MOVWF  64
03AE:  RCALL  0238
....................    for(i=1;i<=3;++i)
03B0:  MOVLW  01
03B2:  MOVWF  56
03B4:  MOVF   56,W
03B6:  SUBLW  03
03B8:  BNC   03CA
....................    {
....................        lcd_send_nibble(3);
03BA:  MOVLW  03
03BC:  MOVWF  6B
03BE:  RCALL  0260
....................        delay_ms(5);
03C0:  MOVLW  05
03C2:  MOVWF  64
03C4:  RCALL  0238
03C6:  INCF   56,F
03C8:  BRA    03B4
....................    }
....................    
....................    lcd_send_nibble(2);
03CA:  MOVLW  02
03CC:  MOVWF  6B
03CE:  RCALL  0260
....................    delay_ms(5);
03D0:  MOVLW  05
03D2:  MOVWF  64
03D4:  RCALL  0238
....................    for(i=0;i<=3;++i)
03D6:  CLRF   56
03D8:  MOVF   56,W
03DA:  SUBLW  03
03DC:  BNC   03F8
....................       lcd_send_byte(0,LCD_INIT_STRING[i]);
03DE:  CLRF   03
03E0:  MOVF   56,W
03E2:  ADDLW  57
03E4:  MOVWF  FE9
03E6:  MOVLW  00
03E8:  ADDWFC 03,W
03EA:  MOVWF  FEA
03EC:  MOVFF  FEF,69
03F0:  CLRF   68
03F2:  RCALL  033A
.................... 
....................   #if defined(LCD_EXTENDED_NEWLINE)
03F4:  INCF   56,F
03F6:  BRA    03D8
03F8:  GOTO   0A56 (RETURN)
....................    g_LcdX = 0;
....................    g_LcdY = 0;
....................   #endif
.................... }
.................... 
.................... void lcd_gotoxy(unsigned int8 x, unsigned int8 y)
.................... {
....................    unsigned int8 address;
....................    
....................    if(y!=1)
03FC:  DECFSZ 65,W
03FE:  BRA    0402
0400:  BRA    0408
....................       address=LCD_LINE_TWO;
0402:  MOVLW  40
0404:  MOVWF  66
0406:  BRA    040A
....................    else
....................       address=0;
0408:  CLRF   66
....................      
....................    address+=x-1;
040A:  MOVLW  01
040C:  SUBWF  64,W
040E:  ADDWF  66,F
....................    lcd_send_byte(0,0x80|address);
0410:  MOVF   66,W
0412:  IORLW  80
0414:  MOVWF  67
0416:  CLRF   68
0418:  MOVWF  69
041A:  RCALL  033A
.................... 
....................   #if defined(LCD_EXTENDED_NEWLINE)
041C:  RETURN 0
....................    g_LcdX = x - 1;
....................    g_LcdY = y - 1;
....................   #endif
.................... }
.................... 
.................... void lcd_putc(char c)
.................... {
....................    switch (c)
041E:  MOVF   63,W
0420:  XORLW  07
0422:  BZ    0432
0424:  XORLW  0B
0426:  BZ    043C
0428:  XORLW  06
042A:  BZ    044C
042C:  XORLW  02
042E:  BZ    0458
0430:  BRA    0462
....................    {
....................       case '\a'   :  lcd_gotoxy(1,1);     break;
0432:  MOVLW  01
0434:  MOVWF  64
0436:  MOVWF  65
0438:  RCALL  03FC
043A:  BRA    046C
.................... 
....................       case '\f'   :  lcd_send_byte(0,1);
043C:  CLRF   68
043E:  MOVLW  01
0440:  MOVWF  69
0442:  RCALL  033A
....................                      delay_ms(2);
0444:  MOVLW  02
0446:  MOVWF  64
0448:  RCALL  0238
....................                     #if defined(LCD_EXTENDED_NEWLINE)
....................                      g_LcdX = 0;
....................                      g_LcdY = 0;
....................                     #endif
....................                      break;
044A:  BRA    046C
.................... 
....................      #if defined(LCD_EXTENDED_NEWLINE)
....................       case '\r'   :  lcd_gotoxy(1, g_LcdY+1);   break;
....................       case '\n'   :
....................          while (g_LcdX++ < LCD_LINE_LENGTH)
....................          {
....................             lcd_send_byte(1, ' ');
....................          }
....................          lcd_gotoxy(1, g_LcdY+2);
....................          break;
....................      #else
....................       case '\n'   : lcd_gotoxy(1,2);        break;
044C:  MOVLW  01
044E:  MOVWF  64
0450:  MOVLW  02
0452:  MOVWF  65
0454:  RCALL  03FC
0456:  BRA    046C
....................      #endif
....................      
....................       case '\b'   : lcd_send_byte(0,0x10);  break;
0458:  CLRF   68
045A:  MOVLW  10
045C:  MOVWF  69
045E:  RCALL  033A
0460:  BRA    046C
....................      
....................      #if defined(LCD_EXTENDED_NEWLINE)
....................       default     : 
....................          if (g_LcdX < LCD_LINE_LENGTH)
....................          {
....................             lcd_send_byte(1, c);
....................             g_LcdX++;
....................          }
....................          break;
....................      #else
....................       default     : lcd_send_byte(1,c);     break;
0462:  MOVLW  01
0464:  MOVWF  68
0466:  MOVFF  63,69
046A:  RCALL  033A
....................      #endif
....................    }
046C:  RETURN 0
.................... }
....................  
.................... char lcd_getc(unsigned int8 x, unsigned int8 y)
.................... {
....................    char value;
.................... 
....................    lcd_gotoxy(x,y);
....................    while ( bit_test(lcd_read_byte(),7) ); // wait until busy flag is low
....................    lcd_output_rs(1);
....................    value = lcd_read_byte();
....................    lcd_output_rs(0);
....................    
....................    return(value);
.................... }
.................... 
.................... // write a custom character to the ram
.................... // which is 0-7 and specifies which character array we are modifying.
.................... // ptr points to an array of 8 bytes, where each byte is the next row of
.................... //    pixels.  only bits 0-4 are used.  the last row is the cursor row, and
.................... //    usually you will want to leave this byte 0x00.
.................... void lcd_set_cgram_char(unsigned int8 which, unsigned int8 *ptr)
.................... {
....................    unsigned int i;
.................... 
....................    which <<= 3;
....................    which &= 0x38;
.................... 
....................    lcd_send_byte(0, 0x40 | which);  //set cgram address
.................... 
....................    for(i=0; i<8; i++)
....................    {
....................       lcd_send_byte(1, *ptr++);
....................    }
....................   
....................    #if defined(LCD_EXTENDED_NEWLINE)
....................     lcd_gotoxy(g_LcdX+1, g_LcdY+1);  //set ddram address
....................    #endif
.................... }
.................... 
.................... void lcd_cursor_on(int1 on)
.................... {
....................    if (on)
....................    {
....................       lcd_send_byte(0,0x0F);           //turn LCD cursor ON
....................    }
....................    else
....................    {
....................       lcd_send_byte(0,0x0C);           //turn LCD cursor OFF
....................    }
.................... }
.................... 
.................... #endif
.................... 
.................... int32 metros=0;// salva quantos metros o veículo se deslocou (odometria)
.................... float kilometros=0;// recebeo a odometria convertida em quilômetros
.................... unsigned int32 periodo_RPM=0;// recebe o período do sinal do sensor de RPM em us
.................... unsigned int32 periodo_roda=0;// recebe o período do sinal do sensor de roda em us
.................... float x_RPM=0;// valor da velocidade de rotação do motor calculado a partir do príodo do sensor de RPM em us
.................... float velocidade=0;// valor da velocidade do veículo calculado a partir do príodo do sensor de roda em us
.................... unsigned int32 current_tick_RPM=0;// usado para o sensor de RPM, valor atual
.................... unsigned int32 previous_tick_RPM=0;// usado para o sensor de RPM, valor passado
.................... 
.................... unsigned int32 current_tick_RPM_WDT;// usado para o sensor de RPM para detectar motor parado
.................... unsigned int32 previous_tick_RPM_WDT;// usado para o sensor de RPM para detectar motor parado
.................... 
.................... unsigned int32 current_tick_roda=0;// usado para o sensor da roda
.................... unsigned int32 previous_tick_roda=0;// usado para o sensor de roda, valor passado
.................... 
.................... // protótipo da função que calcula quantos ticks (us) foram contados entre uma interrupção
.................... // e outra, usado para as interrupções externas #INT_EXT e #INT_EXT2 (veja abaixo)
.................... unsigned int32 tick_difference(unsigned int32 current, unsigned int32 previous);
.................... 
.................... 
.................... // calcula quantos us transcorreram entre interrupções do sensor de RPM
.................... // utiliza o contador de ticks implementado com o Timer1 (veja em RPM_METER.h): #USE TIMER(TIMER=1,TICK=1us,BITS=32,ISR)
.................... #INT_EXT // RPM
.................... void  EXT_isr(void) 
.................... {
.................... current_tick_RPM = get_ticks();// lê o valor atual do contador de ticks
*
011C:  RCALL  00D2
011E:  MOVFF  03,37
0122:  MOVFF  02,36
0126:  MOVFF  01,35
012A:  MOVFF  00,34
.................... periodo_RPM = tick_difference(current_tick_RPM, previous_tick_RPM);// calculo do período do sinal do sensor de RPM
012E:  MOVFF  37,73
0132:  MOVFF  36,72
0136:  MOVFF  35,71
013A:  MOVFF  34,70
013E:  MOVFF  3B,77
0142:  MOVFF  3A,76
0146:  MOVFF  39,75
014A:  MOVFF  38,74
014E:  RCALL  0102
0150:  MOVFF  03,27
0154:  MOVFF  02,26
0158:  MOVFF  01,25
015C:  MOVFF  00,24
.................... //periodo_RPM = current_tick_RPM - previous_tick_RPM;// calculo do período do sinal do sensor de RPM
.................... // salva a contagem de ticks atual para se utilizar na próxima 
.................... // interrupção como valor passado	 	
.................... previous_tick_RPM = current_tick_RPM;
0160:  MOVFF  37,3B
0164:  MOVFF  36,3A
0168:  MOVFF  35,39
016C:  MOVFF  34,38
.................... 
.................... // salva a contagem de ticks a cada interrupção para se verificar no final do "while(TRUE)"
.................... // se	o sensor de RPM está a mais de 1s sem enviar pulos, o que informará que o motor está
.................... // parado e o valor de RPM que será mostrado no LCD deve ser 0RPM
.................... previous_tick_RPM_WDT= get_ticks();
0170:  RCALL  00D2
0172:  MOVFF  03,43
0176:  MOVFF  02,42
017A:  MOVFF  01,41
017E:  MOVFF  00,40
.................... }																												  
.................... 
.................... 
.................... // 1) incrementa a cada pulso proveniente do sensor da roda (1m) para o cálculo da odometria
.................... // 2) calcula quantos us transcorreram entre interrupções do sensor da roda
.................... //    utiliza o contador de ticks implementado com o Timer1 
.................... //    (veja em RPM_METER.h): #USE TIMER(TIMER=1,TICK=1us,BITS=32,ISR)
0182:  BCF    FF2.1
0184:  GOTO   0078
.................... #INT_EXT2 // Odômetro e velocidade
.................... void  EXT2_isr(void) 
.................... {
.................... metros=metros+1;// cálculo da odometria
0188:  MOVLW  01
018A:  ADDWF  1C,F
018C:  MOVLW  00
018E:  ADDWFC 1D,F
0190:  ADDWFC 1E,F
0192:  ADDWFC 1F,F
.................... 
.................... current_tick_roda = get_ticks();// lê o valor atual do contador de ticks
0194:  RCALL  00D2
0196:  MOVFF  03,47
019A:  MOVFF  02,46
019E:  MOVFF  01,45
01A2:  MOVFF  00,44
.................... periodo_roda = tick_difference(current_tick_roda, previous_tick_roda);// cálculo do período do sensor de roda
01A6:  MOVFF  47,73
01AA:  MOVFF  46,72
01AE:  MOVFF  45,71
01B2:  MOVFF  44,70
01B6:  MOVFF  4B,77
01BA:  MOVFF  4A,76
01BE:  MOVFF  49,75
01C2:  MOVFF  48,74
01C6:  RCALL  0102
01C8:  MOVFF  03,2B
01CC:  MOVFF  02,2A
01D0:  MOVFF  01,29
01D4:  MOVFF  00,28
.................... 
.................... // salva a contagem de ticks atual para se utilizar na próxima
.................... // interrupção como valor passado
.................... previous_tick_roda = current_tick_roda;                               
01D8:  MOVFF  47,4B
01DC:  MOVFF  46,4A
01E0:  MOVFF  45,49
01E4:  MOVFF  44,48
01E8:  BCF    FF0.1
01EA:  GOTO   0078
.................... }																															 	
.................... 
.................... void main() {
*
09AA:  CLRF   FF8
09AC:  BCF    FD0.7
09AE:  BSF    07.7
09B0:  MOVLW  60
09B2:  MOVWF  FD3
09B4:  CLRF   F9B
09B6:  MOVF   FD3,W
09B8:  CLRF   1B
09BA:  CLRF   1A
09BC:  BCF    FCD.0
09BE:  MOVLW  85
09C0:  MOVWF  FCD
09C2:  CLRF   FCF
09C4:  CLRF   FCE
09C6:  NOP   
09C8:  BCF    F9E.0
09CA:  BSF    F9D.0
09CC:  CLRF   1F
09CE:  CLRF   1E
09D0:  CLRF   1D
09D2:  CLRF   1C
09D4:  CLRF   23
09D6:  CLRF   22
09D8:  CLRF   21
09DA:  CLRF   20
09DC:  CLRF   27
09DE:  CLRF   26
09E0:  CLRF   25
09E2:  CLRF   24
09E4:  CLRF   2B
09E6:  CLRF   2A
09E8:  CLRF   29
09EA:  CLRF   28
09EC:  CLRF   2F
09EE:  CLRF   2E
09F0:  CLRF   2D
09F2:  CLRF   2C
09F4:  CLRF   33
09F6:  CLRF   32
09F8:  CLRF   31
09FA:  CLRF   30
09FC:  CLRF   37
09FE:  CLRF   36
0A00:  CLRF   35
0A02:  CLRF   34
0A04:  CLRF   3B
0A06:  CLRF   3A
0A08:  CLRF   39
0A0A:  CLRF   38
0A0C:  CLRF   47
0A0E:  CLRF   46
0A10:  CLRF   45
0A12:  CLRF   44
0A14:  CLRF   4B
0A16:  CLRF   4A
0A18:  CLRF   49
0A1A:  CLRF   48
0A1C:  CLRF   4D
0A1E:  CLRF   4C
0A20:  MOVF   FC1,W
0A22:  ANDLW  C0
0A24:  IORLW  0F
0A26:  MOVWF  FC1
0A28:  MOVLW  07
0A2A:  MOVWF  FB4
....................    float valor;// binário de 10 bits do A/D
....................    float tensao;// binário do A/D convertido para volts (0.0 a 15.0V) 
.................... 
....................    setup_adc(ADC_CLOCK_INTERNAL);// Conversor A/D usará o oscilador interno   
0A2C:  MOVF   FC0,W
0A2E:  ANDLW  C0
0A30:  IORLW  07
0A32:  MOVWF  FC0
0A34:  BSF    FC0.7
0A36:  BSF    FC2.0
....................    setup_adc_ports(AN0);// usa AN0 para ler a tensão da bateria dividida por 3
0A38:  MOVF   FC1,W
0A3A:  ANDLW  C0
0A3C:  IORLW  0E
0A3E:  MOVWF  FC1
....................    set_adc_channel(0);// seleciona o AN0 para se lido
0A40:  MOVLW  00
0A42:  MOVWF  01
0A44:  MOVF   FC2,W
0A46:  ANDLW  C3
0A48:  IORWF  01,W
0A4A:  MOVWF  FC2
....................    
....................    enable_interrupts(INT_EXT);// contará o tempo entre duas interrupções do sensor de RPM
0A4C:  BSF    FF2.4
....................    enable_interrupts(INT_EXT2);// contará o tempo entre duas interrupções do sensor de Roda
0A4E:  BSF    FF0.4
....................   														 // e quantos metros foram percorridos
....................    enable_interrupts(GLOBAL);
0A50:  MOVLW  C0
0A52:  IORWF  FF2,F
.................... 
.................... 
....................    lcd_init();
0A54:  BRA    0380
....................    lcd_putc("\fVelocidade   RPM\n");
0A56:  MOVLW  EE
0A58:  MOVWF  FF6
0A5A:  MOVLW  01
0A5C:  MOVWF  FF7
0A5E:  RCALL  046E
....................    lcd_putc("Odometro Bateria");   
0A60:  MOVLW  02
0A62:  MOVWF  FF6
0A64:  MOVLW  02
0A66:  MOVWF  FF7
0A68:  RCALL  046E
....................    delay_ms(500);
0A6A:  MOVLW  02
0A6C:  MOVWF  56
0A6E:  MOVLW  FA
0A70:  MOVWF  64
0A72:  CALL   0238
0A76:  DECFSZ 56,F
0A78:  BRA    0A6E
....................  	
.................... 	// recupera valor de metros percorridos salvo na EEPROM 
.................... 	// experimente comentar essa linha e recompilar
.................... 	// se tirar essa linha, ao se resetar o PIC o odômetro zera
....................    metros= make32(read_eeprom(3),read_eeprom(2),read_eeprom(1),read_eeprom(0));
0A7A:  MOVFF  FF2,56
0A7E:  BCF    FF2.7
0A80:  MOVLW  03
0A82:  MOVWF  FA9
0A84:  BCF    FA6.6
0A86:  BCF    FA6.7
0A88:  BSF    FA6.0
0A8A:  MOVF   FA8,W
0A8C:  BTFSC  56.7
0A8E:  BSF    FF2.7
0A90:  MOVWF  57
0A92:  MOVFF  FF2,58
0A96:  BCF    FF2.7
0A98:  MOVLW  02
0A9A:  MOVWF  FA9
0A9C:  BCF    FA6.6
0A9E:  BCF    FA6.7
0AA0:  BSF    FA6.0
0AA2:  MOVF   FA8,W
0AA4:  BTFSC  58.7
0AA6:  BSF    FF2.7
0AA8:  MOVWF  59
0AAA:  MOVFF  FF2,5A
0AAE:  BCF    FF2.7
0AB0:  MOVLW  01
0AB2:  MOVWF  FA9
0AB4:  BCF    FA6.6
0AB6:  BCF    FA6.7
0AB8:  BSF    FA6.0
0ABA:  MOVF   FA8,W
0ABC:  BTFSC  5A.7
0ABE:  BSF    FF2.7
0AC0:  MOVWF  5B
0AC2:  MOVFF  FF2,5C
0AC6:  BCF    FF2.7
0AC8:  CLRF   FA9
0ACA:  BCF    FA6.6
0ACC:  BCF    FA6.7
0ACE:  BSF    FA6.0
0AD0:  MOVF   FA8,W
0AD2:  BTFSC  5C.7
0AD4:  BSF    FF2.7
0AD6:  MOVWF  5D
0AD8:  MOVFF  57,1F
0ADC:  MOVFF  59,1E
0AE0:  MOVFF  5B,1D
0AE4:  MOVFF  5D,1C
.................... 
....................    while(TRUE) {
....................     
....................       valor= read_adc();// lê o canal o do ADC (AN0)          
0AE8:  BSF    FC2.1
0AEA:  BTFSC  FC2.1
0AEC:  BRA    0AEA
0AEE:  MOVFF  FC4,02
0AF2:  MOVFF  FC3,01
0AF6:  MOVFF  FC4,03
0AFA:  MOVFF  FC3,56
0AFE:  MOVFF  FC4,57
0B02:  BRA    048E
0B04:  MOVFF  03,51
0B08:  MOVFF  02,50
0B0C:  MOVFF  01,4F
0B10:  MOVFF  00,4E
....................       delay_us(100);// aguarda a conclusão da conversão AD 
0B14:  MOVLW  21
0B16:  MOVWF  00
0B18:  DECFSZ 00,F
0B1A:  BRA    0B18
....................       tensao= (valor*15) /1024;// converte o valor binário para volts
0B1C:  MOVFF  51,66
0B20:  MOVFF  50,65
0B24:  MOVFF  4F,64
0B28:  MOVFF  4E,63
0B2C:  CLRF   6A
0B2E:  CLRF   69
0B30:  MOVLW  70
0B32:  MOVWF  68
0B34:  MOVLW  82
0B36:  MOVWF  67
0B38:  RCALL  04C6
0B3A:  MOVFF  03,59
0B3E:  MOVFF  02,58
0B42:  MOVFF  01,57
0B46:  MOVFF  00,56
0B4A:  MOVFF  03,5D
0B4E:  MOVFF  02,5C
0B52:  MOVFF  01,5B
0B56:  MOVFF  00,5A
0B5A:  CLRF   61
0B5C:  CLRF   60
0B5E:  CLRF   5F
0B60:  MOVLW  89
0B62:  MOVWF  5E
0B64:  RCALL  05B8
0B66:  MOVFF  03,55
0B6A:  MOVFF  02,54
0B6E:  MOVFF  01,53
0B72:  MOVFF  00,52
....................       
....................       x_RPM= 60000000/periodo_RPM;// 60*1000000/ T (us)
0B76:  BCF    FD8.1
0B78:  MOVLW  03
0B7A:  MOVWF  66
0B7C:  MOVLW  93
0B7E:  MOVWF  65
0B80:  MOVLW  87
0B82:  MOVWF  64
0B84:  CLRF   63
0B86:  MOVFF  27,6A
0B8A:  MOVFF  26,69
0B8E:  MOVFF  25,68
0B92:  MOVFF  24,67
0B96:  RCALL  0712
0B98:  MOVFF  03,59
0B9C:  MOVFF  02,58
0BA0:  MOVFF  01,57
0BA4:  MOVFF  00,56
0BA8:  RCALL  07A0
0BAA:  MOVFF  03,2F
0BAE:  MOVFF  02,2E
0BB2:  MOVFF  01,2D
0BB6:  MOVFF  00,2C
....................       
....................       // a cada iteração do "while(TRUE)", calcula-se o tempo em us decorrido entre a última
....................       // interrupção do sensor de RPM e o instante atual. Se esse tempo for maior que 1s (1000000us),
....................       //  zerar o valor de "x_RPM" (motor parado)      
....................       current_tick_RPM_WDT=get_ticks();
0BBA:  CALL   00D2
0BBE:  MOVFF  03,3F
0BC2:  MOVFF  02,3E
0BC6:  MOVFF  01,3D
0BCA:  MOVFF  00,3C
0BCE:  CLRF   19
0BD0:  BTFSC  FF2.7
0BD2:  BSF    19.7
0BD4:  BCF    FF2.7
....................       if(tick_difference(current_tick_RPM_WDT, previous_tick_RPM_WDT)> 1000000){
0BD6:  MOVFF  3F,73
0BDA:  MOVFF  3E,72
0BDE:  MOVFF  3D,71
0BE2:  MOVFF  3C,70
0BE6:  MOVFF  43,77
0BEA:  MOVFF  42,76
0BEE:  MOVFF  41,75
0BF2:  MOVFF  40,74
0BF6:  CALL   0102
0BFA:  BTFSC  19.7
0BFC:  BSF    FF2.7
0BFE:  MOVFF  03,59
0C02:  MOVFF  02,58
0C06:  MOVFF  01,57
0C0A:  MOVFF  00,56
0C0E:  MOVF   59,F
0C10:  BNZ   0C2C
0C12:  MOVF   58,W
0C14:  SUBLW  0E
0C16:  BC    0C34
0C18:  XORLW  FF
0C1A:  BNZ   0C2C
0C1C:  MOVF   57,W
0C1E:  SUBLW  41
0C20:  BC    0C34
0C22:  XORLW  FF
0C24:  BNZ   0C2C
0C26:  MOVF   56,W
0C28:  SUBLW  40
0C2A:  BC    0C34
....................       x_RPM=0;
0C2C:  CLRF   2F
0C2E:  CLRF   2E
0C30:  CLRF   2D
0C32:  CLRF   2C
....................       }  
....................   
....................      
....................       velocidade= 3600000/periodo_roda;// velocidade em km/h
0C34:  BCF    FD8.1
0C36:  CLRF   66
0C38:  MOVLW  36
0C3A:  MOVWF  65
0C3C:  MOVLW  EE
0C3E:  MOVWF  64
0C40:  MOVLW  80
0C42:  MOVWF  63
0C44:  MOVFF  2B,6A
0C48:  MOVFF  2A,69
0C4C:  MOVFF  29,68
0C50:  MOVFF  28,67
0C54:  RCALL  0712
0C56:  MOVFF  03,59
0C5A:  MOVFF  02,58
0C5E:  MOVFF  01,57
0C62:  MOVFF  00,56
0C66:  RCALL  07A0
0C68:  MOVFF  03,33
0C6C:  MOVFF  02,32
0C70:  MOVFF  01,31
0C74:  MOVFF  00,30
....................       
....................       if(input(PIN_C0)==0) metros=0;// zera o odômetro;
0C78:  BSF    F94.0
0C7A:  BTFSC  F82.0
0C7C:  BRA    0C86
0C7E:  CLRF   1F
0C80:  CLRF   1E
0C82:  CLRF   1D
0C84:  CLRF   1C
....................    
....................   		// salva o número de metros na eeprom interna a cada iteração do while(TRUE)
....................   		write_eeprom(0,metros);// pega somente os 8 bits menos gignificativos de int32 metros (D0 a D7)
0C86:  MOVF   FF2,W
0C88:  MOVWF  00
0C8A:  BCF    FF2.7
0C8C:  CLRF   FA9
0C8E:  MOVFF  1C,FA8
0C92:  BCF    FA6.6
0C94:  BCF    FA6.7
0C96:  BSF    FA6.2
0C98:  MOVLB  F
0C9A:  MOVLW  55
0C9C:  MOVWF  FA7
0C9E:  MOVLW  AA
0CA0:  MOVWF  FA7
0CA2:  BSF    FA6.1
0CA4:  BTFSC  FA6.1
0CA6:  BRA    0CA4
0CA8:  BCF    FA6.2
0CAA:  MOVF   00,W
0CAC:  IORWF  FF2,F
....................   		write_eeprom(1,metros>>8);// pega 8 bits de int32 metros (D8 a D15)
0CAE:  MOVFF  1D,57
0CB2:  MOVFF  1E,58
0CB6:  MOVFF  1F,59
0CBA:  CLRF   5A
0CBC:  MOVFF  FF2,00
0CC0:  BCF    FF2.7
0CC2:  MOVLW  01
0CC4:  MOVWF  FA9
0CC6:  MOVFF  1D,FA8
0CCA:  BCF    FA6.6
0CCC:  BCF    FA6.7
0CCE:  BSF    FA6.2
0CD0:  MOVLW  55
0CD2:  MOVWF  FA7
0CD4:  MOVLW  AA
0CD6:  MOVWF  FA7
0CD8:  BSF    FA6.1
0CDA:  BTFSC  FA6.1
0CDC:  BRA    0CDA
0CDE:  BCF    FA6.2
0CE0:  MOVF   00,W
0CE2:  IORWF  FF2,F
....................   		write_eeprom(2,metros>>16);// pega 8 bits de int32 metros (D16 a D23)
0CE4:  MOVFF  1E,57
0CE8:  MOVFF  1F,58
0CEC:  CLRF   59
0CEE:  CLRF   5A
0CF0:  MOVFF  FF2,00
0CF4:  BCF    FF2.7
0CF6:  MOVLW  02
0CF8:  MOVWF  FA9
0CFA:  MOVFF  1E,FA8
0CFE:  BCF    FA6.6
0D00:  BCF    FA6.7
0D02:  BSF    FA6.2
0D04:  MOVLW  55
0D06:  MOVWF  FA7
0D08:  MOVLW  AA
0D0A:  MOVWF  FA7
0D0C:  BSF    FA6.1
0D0E:  BTFSC  FA6.1
0D10:  BRA    0D0E
0D12:  BCF    FA6.2
0D14:  MOVF   00,W
0D16:  IORWF  FF2,F
....................   		write_eeprom(3,metros>>24);// pega 8 bits de int32 metros (D24 a D31)
0D18:  MOVFF  1F,57
0D1C:  CLRF   58
0D1E:  CLRF   59
0D20:  CLRF   5A
0D22:  MOVFF  FF2,00
0D26:  BCF    FF2.7
0D28:  MOVLW  03
0D2A:  MOVWF  FA9
0D2C:  MOVFF  1F,FA8
0D30:  BCF    FA6.6
0D32:  BCF    FA6.7
0D34:  BSF    FA6.2
0D36:  MOVLW  55
0D38:  MOVWF  FA7
0D3A:  MOVLW  AA
0D3C:  MOVWF  FA7
0D3E:  BSF    FA6.1
0D40:  BTFSC  FA6.1
0D42:  BRA    0D40
0D44:  BCF    FA6.2
0D46:  MOVF   00,W
0D48:  IORWF  FF2,F
....................   	 	
....................   		kilometros= (float)metros/1000;// "metros" foi promovido a "float" para evitar-se o truncamento 
0D4A:  MOVFF  1F,59
0D4E:  MOVFF  1E,58
0D52:  MOVFF  1D,57
0D56:  MOVFF  1C,56
0D5A:  MOVLB  0
0D5C:  RCALL  07A0
0D5E:  MOVFF  03,59
0D62:  MOVFF  02,58
0D66:  MOVFF  01,57
0D6A:  MOVFF  00,56
0D6E:  MOVFF  03,5D
0D72:  MOVFF  02,5C
0D76:  MOVFF  01,5B
0D7A:  MOVFF  00,5A
0D7E:  CLRF   61
0D80:  CLRF   60
0D82:  MOVLW  7A
0D84:  MOVWF  5F
0D86:  MOVLW  88
0D88:  MOVWF  5E
0D8A:  RCALL  05B8
0D8C:  MOVFF  03,23
0D90:  MOVFF  02,22
0D94:  MOVFF  01,21
0D98:  MOVFF  00,20
....................   																	// da parte decimal do resultado, que é salvo em "kilometros"
....................   	 	
....................       lcd_gotoxy(1,1);
0D9C:  MOVLW  01
0D9E:  MOVWF  64
0DA0:  MOVWF  65
0DA2:  CALL   03FC
....................       printf(LCD_PUTC, "%3.0fkm/h %5.0fRPM\n",velocidade,x_RPM); //and print RPM
0DA6:  MOVLW  02
0DA8:  MOVWF  FE9
0DAA:  MOVFF  33,59
0DAE:  MOVFF  32,58
0DB2:  MOVFF  31,57
0DB6:  MOVFF  30,56
0DBA:  CLRF   5A
0DBC:  RCALL  0814
0DBE:  MOVLW  19
0DC0:  MOVWF  FF6
0DC2:  MOVLW  02
0DC4:  MOVWF  FF7
0DC6:  MOVLW  05
0DC8:  MOVWF  56
0DCA:  RCALL  098C
0DCC:  MOVLW  04
0DCE:  MOVWF  FE9
0DD0:  MOVFF  2F,59
0DD4:  MOVFF  2E,58
0DD8:  MOVFF  2D,57
0DDC:  MOVFF  2C,56
0DE0:  CLRF   5A
0DE2:  RCALL  0814
0DE4:  MOVLW  23
0DE6:  MOVWF  FF6
0DE8:  MOVLW  02
0DEA:  MOVWF  FF7
0DEC:  MOVLW  04
0DEE:  MOVWF  56
0DF0:  RCALL  098C
....................       printf(LCD_PUTC, "%8.3fkm %3.1fV",kilometros,tensao);      //and print metros percorridos
0DF2:  MOVLW  07
0DF4:  MOVWF  FE9
0DF6:  MOVFF  23,59
0DFA:  MOVFF  22,58
0DFE:  MOVFF  21,57
0E02:  MOVFF  20,56
0E06:  MOVLW  03
0E08:  MOVWF  5A
0E0A:  RCALL  0814
0E0C:  MOVLW  2D
0E0E:  MOVWF  FF6
0E10:  MOVLW  02
0E12:  MOVWF  FF7
0E14:  MOVLW  03
0E16:  MOVWF  56
0E18:  RCALL  098C
0E1A:  MOVLW  02
0E1C:  MOVWF  FE9
0E1E:  MOVFF  55,59
0E22:  MOVFF  54,58
0E26:  MOVFF  53,57
0E2A:  MOVFF  52,56
0E2E:  MOVLW  01
0E30:  MOVWF  5A
0E32:  RCALL  0814
0E34:  MOVLW  56
0E36:  MOVWF  63
0E38:  CALL   041E
....................      
....................       delay_ms(10);
0E3C:  MOVLW  0A
0E3E:  MOVWF  64
0E40:  CALL   0238
0E44:  BRA    0AE8
....................    }
.................... }
.................... 
0E46:  SLEEP 
.................... unsigned int32 tick_difference(unsigned int32 current, unsigned int32 previous) {
.................... 
....................    return(current - previous);
*
0102:  MOVF   74,W
0104:  SUBWF  70,W
0106:  MOVWF  00
0108:  MOVF   75,W
010A:  SUBWFB 71,W
010C:  MOVWF  01
010E:  MOVF   76,W
0110:  SUBWFB 72,W
0112:  MOVWF  02
0114:  MOVF   77,W
0116:  SUBWFB 73,W
0118:  MOVWF  03
011A:  RETURN 0
.................... }

Configuration Fuses:
   Word  1: C800   INTRC_IO FCMEN IESO
   Word  2: 1E1E   PUT BROWNOUT BORV21 NOWDT WDT32768
   Word  3: 8700   CCP2C1 PBADEN LPT1OSC MCLR
   Word  4: 0081   STVREN NOLVP NOXINST NODEBUG
   Word  5: C00F   NOPROTECT NOCPB NOCPD
   Word  6: E00F   NOWRT NOWRTC NOWRTB NOWRTD
   Word  7: 400F   NOEBTR NOEBTRB
